
     Program PWSCF v.6.2 (svn rev. 13949:13950) starts on 12Dec2017 at 15:19:27 

     This program is part of the open-source Quantum ESPRESSO suite
     for quantum simulation of materials; please cite
         "P. Giannozzi et al., J. Phys.:Condens. Matter 21 395502 (2009);
         "P. Giannozzi et al., J. Phys.:Condens. Matter 29 465901 (2017);
          URL http://www.quantum-espresso.org", 
     in publications or presentations arising from this work. More details at
     http://www.quantum-espresso.org/quote

     Parallel version (MPI), running on     1 processors

     MPI processes distributed on     1 nodes
     Waiting for input...
     Reading input from standard input

     Current dimensions of program PWSCF are:
     Max number of different atomic species (ntypx) = 10
     Max number of k-points (npk) =  40000
     Max angular momentum in pseudopotentials (lmaxx) =  3

     Subspace diagonalization in iterative solution of the eigenvalue problem:
     a serial algorithm will be used

 n, a_inv, lda, ipiv, info
           3
   6.9125184557222774E-310   4.6895638944175548E-310   4.6895638879666385E-310   4.6895638900986306E-310   4.6895638879666385E-310   4.6895638944175548E-310   6.9125183025603955E-310   6.9125183132772723E-310   4.6895638939883106E-310
           3
 -1919542376       32575 -1919542376
  -587990928

     G-vector sticks info
     --------------------
     sticks:   dense  smooth     PW     G-vecs:    dense   smooth      PW
     Sum        1081    1081    329                22809    22809    3859



     bravais-lattice index     =            5
     lattice parameter (alat)  =       8.9683  a.u.
     unit-cell volume          =     477.5478 (a.u.)^3
     number of atoms/cell      =            2
     number of atomic types    =            1
     number of electrons       =        10.00
     number of Kohn-Sham states=            9
     kinetic-energy cutoff     =      50.0000  Ry
     charge density cutoff     =     200.0000  Ry
     convergence threshold     =      1.0E-08
     mixing beta               =       0.2000
     number of iterations used =            8  plain     mixing
     Exchange-correlation      = PBE ( 1  4  3  4 0 0)

     celldm(1)=   8.968262  celldm(2)=   0.000000  celldm(3)=   0.000000
     celldm(4)=   0.541218  celldm(5)=   0.000000  celldm(6)=   0.000000

     crystal axes: (cart. coord. in units of alat)
               a(1) = (   0.478948  -0.276521   0.833154 )  
               a(2) = (   0.000000   0.553041   0.833154 )  
               a(3) = (  -0.478948  -0.276521   0.833154 )  

     reciprocal axes: (cart. coord. in units 2 pi/alat)
               b(1) = (  1.043955 -0.602728  0.400086 )  
               b(2) = (  0.000000  1.205456  0.400086 )  
               b(3) = ( -1.043955 -0.602728  0.400086 )  


     PseudoPot. # 1 for Bi read from file:
     ../input/Bi_MT_PBE.UPF
     MD5 check sum: b574f8a1102dd4d1778b4090b55884d0
     Pseudo is Norm-conserving, Zval =  5.0
     Generated using "atomic" code by A. Dal Corso (espresso distribution)
     Using radial grid of 1283 points,  2 beta functions with: 
                l(1) =   1
                l(2) =   2

     atomic species   valence    mass     pseudopotential
        Bi             5.00   208.98038     Bi( 1.00)

     12 Sym. Ops., with inversion, found


                                    s                        frac. trans.

      isym =  1     identity                                     

 cryst.   s( 1) = (     1          0          0      )
                  (     0          1          0      )
                  (     0          0          1      )

 cart.    s( 1) = (  1.0000000  0.0000000  0.0000000 )
                  (  0.0000000  1.0000000  0.0000000 )
                  (  0.0000000  0.0000000  1.0000000 )


      isym =  2     180 deg rotation - cart. axis [1,0,0]        

 cryst.   s( 2) = (     0          0         -1      )
                  (     0         -1          0      )
                  (    -1          0          0      )

 cart.    s( 2) = (  1.0000000  0.0000000  0.0000000 )
                  (  0.0000000 -1.0000000  0.0000000 )
                  (  0.0000000  0.0000000 -1.0000000 )


      isym =  3     120 deg rotation - cryst. axis [0,0,1]       

 cryst.   s( 3) = (     0          1          0      )
                  (     0          0          1      )
                  (     1          0          0      )

 cart.    s( 3) = ( -0.5000000 -0.8660254 -0.0000000 )
                  (  0.8660254 -0.5000000 -0.0000000 )
                  (  0.0000000  0.0000000  1.0000000 )


      isym =  4     120 deg rotation - cryst. axis [0,0,-1]      

 cryst.   s( 4) = (     0          0          1      )
                  (     1          0          0      )
                  (     0          1          0      )

 cart.    s( 4) = ( -0.5000000  0.8660254  0.0000000 )
                  ( -0.8660254 -0.5000000 -0.0000000 )
                  (  0.0000000  0.0000000  1.0000000 )


      isym =  5     180 deg rotation - cryst. axis [0,1,0]       

 cryst.   s( 5) = (     0         -1          0      )
                  (    -1          0          0      )
                  (     0          0         -1      )

 cart.    s( 5) = ( -0.5000000 -0.8660254 -0.0000000 )
                  ( -0.8660254  0.5000000  0.0000000 )
                  (  0.0000000  0.0000000 -1.0000000 )


      isym =  6     180 deg rotation - cryst. axis [1,1,0]       

 cryst.   s( 6) = (    -1          0          0      )
                  (     0          0         -1      )
                  (     0         -1          0      )

 cart.    s( 6) = ( -0.5000000  0.8660254  0.0000000 )
                  (  0.8660254  0.5000000  0.0000000 )
                  (  0.0000000  0.0000000 -1.0000000 )


      isym =  7     inversion                                    

 cryst.   s( 7) = (    -1          0          0      )
                  (     0         -1          0      )
                  (     0          0         -1      )

 cart.    s( 7) = ( -1.0000000  0.0000000  0.0000000 )
                  (  0.0000000 -1.0000000  0.0000000 )
                  (  0.0000000  0.0000000 -1.0000000 )


      isym =  8     inv. 180 deg rotation - cart. axis [1,0,0]   

 cryst.   s( 8) = (     0          0          1      )
                  (     0          1          0      )
                  (     1          0          0      )

 cart.    s( 8) = ( -1.0000000  0.0000000  0.0000000 )
                  (  0.0000000  1.0000000  0.0000000 )
                  (  0.0000000  0.0000000  1.0000000 )


      isym =  9     inv. 120 deg rotation - cryst. axis [0,0,1]  

 cryst.   s( 9) = (     0         -1          0      )
                  (     0          0         -1      )
                  (    -1          0          0      )

 cart.    s( 9) = (  0.5000000  0.8660254  0.0000000 )
                  ( -0.8660254  0.5000000  0.0000000 )
                  (  0.0000000  0.0000000 -1.0000000 )


      isym = 10     inv. 120 deg rotation - cryst. axis [0,0,-1] 

 cryst.   s(10) = (     0          0         -1      )
                  (    -1          0          0      )
                  (     0         -1          0      )

 cart.    s(10) = (  0.5000000 -0.8660254 -0.0000000 )
                  (  0.8660254  0.5000000  0.0000000 )
                  (  0.0000000  0.0000000 -1.0000000 )


      isym = 11     inv. 180 deg rotation - cryst. axis [0,1,0]  

 cryst.   s(11) = (     0          1          0      )
                  (     1          0          0      )
                  (     0          0          1      )

 cart.    s(11) = (  0.5000000  0.8660254  0.0000000 )
                  (  0.8660254 -0.5000000 -0.0000000 )
                  (  0.0000000  0.0000000  1.0000000 )


      isym = 12     inv. 180 deg rotation - cryst. axis [1,1,0]  

 cryst.   s(12) = (     1          0          0      )
                  (     0          0          1      )
                  (     0          1          0      )

 cart.    s(12) = (  0.5000000 -0.8660254 -0.0000000 )
                  ( -0.8660254 -0.5000000 -0.0000000 )
                  (  0.0000000  0.0000000  1.0000000 )


     point group D_3d (-3m) 
     there are  6 classes
     the character table:

       E     2C3   3C2'  i     2S6   3s_d 
A_1g   1.00  1.00  1.00  1.00  1.00  1.00
A_2g   1.00  1.00 -1.00  1.00  1.00 -1.00
E_g    2.00 -1.00  0.00  2.00 -1.00  0.00
A_1u   1.00  1.00  1.00 -1.00 -1.00 -1.00
A_2u   1.00  1.00 -1.00 -1.00 -1.00  1.00
E_u    2.00 -1.00  0.00 -2.00  1.00  0.00

     the symmetry operations in each class and the name of the first element:

     E        1
          identity                                               
     2C3      3    4
          120 deg rotation - cryst. axis [0,0,1]                 
     3C2'     2    5    6
          180 deg rotation - cart. axis [1,0,0]                  
     i        7
          inversion                                              
     2S6      9   10
          inv. 120 deg rotation - cryst. axis [0,0,1]            
     3s_d     8   11   12
          inv. 180 deg rotation - cart. axis [1,0,0]             

   Cartesian axes

     site n.     atom                  positions (alat units)
         1           Bi  tau(   1) = (   0.0000000  -0.0000000   0.5845991  )
         2           Bi  tau(   2) = (   0.0000000   0.0000000  -0.5845991  )

   Crystallographic axes

     site n.     atom                  positions (cryst. coord.)
         1           Bi  tau(   1) = (  0.2338900  0.2338900  0.2338900  )
         2           Bi  tau(   2) = ( -0.2338900 -0.2338900 -0.2338900  )

     number of k points=    32  gaussian smearing, width (Ry)=  0.0010
                       cart. coord. in units 2pi/alat
        k(    1) = (   0.0000000   0.0000000   0.0000000), wk =   0.0092593
        k(    2) = (  -0.1739926  -0.1004547   0.0666810), wk =   0.0555556
        k(    3) = (  -0.3479851  -0.2009093   0.1333620), wk =   0.0555556
        k(    4) = (   0.5219777   0.3013640  -0.2000431), wk =   0.0277778
        k(    5) = (  -0.1739926   0.1004547   0.1333620), wk =   0.0555556
        k(    6) = (  -0.3479851   0.0000000   0.2000431), wk =   0.1111111
        k(    7) = (   0.5219777   0.5022733  -0.1333620), wk =   0.1111111
        k(    8) = (   0.3479851   0.4018186  -0.0666810), wk =   0.1111111
        k(    9) = (   0.1739926   0.3013640   0.0000000), wk =   0.0555556
        k(   10) = (  -0.3479851   0.2009093   0.2667241), wk =   0.0555556
        k(   11) = (   0.5219777   0.7031826  -0.0666810), wk =   0.1111111
        k(   12) = (   0.3479851   0.6027280   0.0000000), wk =   0.0555556
        k(   13) = (   0.5219777  -0.3013640  -0.4000861), wk =   0.0277778
        k(   14) = (   0.0000000   0.0000000   0.2000431), wk =   0.0185185
        k(   15) = (  -0.1739926  -0.1004547   0.2667241), wk =   0.0555556
        k(   16) = (   0.6959703   0.4018186  -0.0666810), wk =   0.0555556
        k(   17) = (   0.5219777   0.3013640   0.0000000), wk =   0.0555556
        k(   18) = (   0.3479851   0.2009093   0.0666810), wk =   0.0555556
        k(   19) = (  -0.1739926   0.1004547   0.3334051), wk =   0.0555556
        k(   20) = (   0.6959703   0.6027280   0.0000000), wk =   0.1111111
        k(   21) = (   0.5219777   0.5022733   0.0666810), wk =   0.1111111
        k(   22) = (   0.3479851   0.4018186   0.1333620), wk =   0.1111111
        k(   23) = (   0.6959703  -0.4018186  -0.3334051), wk =   0.0555556
        k(   24) = (   0.5219777  -0.5022733  -0.2667241), wk =   0.1111111
        k(   25) = (   0.3479851  -0.6027280  -0.2000431), wk =   0.0555556
        k(   26) = (   0.5219777  -0.3013640  -0.2000431), wk =   0.0555556
        k(   27) = (   0.0000000   0.0000000   0.4000861), wk =   0.0185185
        k(   28) = (   0.8699629   0.5022733   0.0666810), wk =   0.0555556
        k(   29) = (   0.6959703   0.4018186   0.1333620), wk =   0.0555556
        k(   30) = (   0.8699629  -0.5022733  -0.2667241), wk =   0.0555556
        k(   31) = (   0.6959703  -0.6027280  -0.2000431), wk =   0.0555556
        k(   32) = (   0.0000000   0.0000000  -0.6001292), wk =   0.0092593

                       cryst. coord.
        k(    1) = (   0.0000000   0.0000000   0.0000000), wk =   0.0092593
        k(    2) = (   0.0000000   0.0000000   0.1666667), wk =   0.0555556
        k(    3) = (   0.0000000   0.0000000   0.3333333), wk =   0.0555556
        k(    4) = (   0.0000000   0.0000000  -0.5000000), wk =   0.0277778
        k(    5) = (  -0.0000000   0.1666667   0.1666667), wk =   0.0555556
        k(    6) = (   0.0000000   0.1666667   0.3333333), wk =   0.1111111
        k(    7) = (  -0.0000000   0.1666667  -0.5000000), wk =   0.1111111
        k(    8) = (   0.0000000   0.1666667  -0.3333333), wk =   0.1111111
        k(    9) = (   0.0000000   0.1666667  -0.1666667), wk =   0.0555556
        k(   10) = (  -0.0000000   0.3333333   0.3333333), wk =   0.0555556
        k(   11) = (   0.0000000   0.3333333  -0.5000000), wk =   0.1111111
        k(   12) = (   0.0000000   0.3333333  -0.3333333), wk =   0.0555556
        k(   13) = (  -0.0000000  -0.5000000  -0.5000000), wk =   0.0277778
        k(   14) = (   0.1666667   0.1666667   0.1666667), wk =   0.0185185
        k(   15) = (   0.1666667   0.1666667   0.3333333), wk =   0.0555556
        k(   16) = (   0.1666667   0.1666667  -0.5000000), wk =   0.0555556
        k(   17) = (   0.1666667   0.1666667  -0.3333333), wk =   0.0555556
        k(   18) = (   0.1666667   0.1666667  -0.1666667), wk =   0.0555556
        k(   19) = (   0.1666667   0.3333333   0.3333333), wk =   0.0555556
        k(   20) = (   0.1666667   0.3333333  -0.5000000), wk =   0.1111111
        k(   21) = (   0.1666667   0.3333333  -0.3333333), wk =   0.1111111
        k(   22) = (   0.1666667   0.3333333  -0.1666667), wk =   0.1111111
        k(   23) = (   0.1666667  -0.5000000  -0.5000000), wk =   0.0555556
        k(   24) = (   0.1666667  -0.5000000  -0.3333333), wk =   0.1111111
        k(   25) = (   0.1666667  -0.5000000  -0.1666667), wk =   0.0555556
        k(   26) = (   0.1666667  -0.3333333  -0.3333333), wk =   0.0555556
        k(   27) = (   0.3333333   0.3333333   0.3333333), wk =   0.0185185
        k(   28) = (   0.3333333   0.3333333  -0.5000000), wk =   0.0555556
        k(   29) = (   0.3333333   0.3333333  -0.3333333), wk =   0.0555556
        k(   30) = (   0.3333333  -0.5000000  -0.5000000), wk =   0.0555556
        k(   31) = (   0.3333333  -0.5000000  -0.3333333), wk =   0.0555556
        k(   32) = (  -0.5000000  -0.5000000  -0.5000000), wk =   0.0092593

     Dense  grid:    22809 G-vectors     FFT dimensions: (  45,  45,  45)

     Dynamical RAM for                 wfc:       0.39 MB

     Dynamical RAM for     wfc (w. buffer):      12.92 MB

     Dynamical RAM for           str. fact:       0.35 MB

     Dynamical RAM for           local pot:       0.00 MB

     Dynamical RAM for          nlocal pot:       0.70 MB

     Dynamical RAM for                qrad:       0.23 MB

     Dynamical RAM for          rho,v,vnew:       3.13 MB

     Dynamical RAM for               rhoin:       1.04 MB

     Dynamical RAM for            rho*nmix:       5.57 MB

     Dynamical RAM for           G-vectors:       1.48 MB

     Dynamical RAM for          h,s,v(r/c):       0.06 MB

     Dynamical RAM for          <psi|beta>:       0.00 MB

     Dynamical RAM for                 psi:       1.57 MB

     Dynamical RAM for                hpsi:       1.57 MB

     Dynamical RAM for      wfcinit/wfcrot:       0.78 MB

     Estimated static dynamical RAM per process >      29.59 MB

     Estimated max dynamical RAM per process >      32.78 MB

     Initial potential from superposition of free atoms

     starting charge    9.99828, renormalised to   10.00000
     Starting wfc are    8 randomized atomic wfcs +    1 random wfc

     total cpu time spent up to now is        2.0 secs

     Self-consistent Calculation

     iteration #  1     ecut=    50.00 Ry     beta= 0.20
     Davidson diagonalization with overlap
     ethr =  1.00E-02,  avg # of iterations =  5.8

     Threshold (ethr) on eigenvalues was too large:
     Diagonalizing with lowered threshold

     Davidson diagonalization with overlap
     ethr =  1.13E-04,  avg # of iterations =  3.5

     total cpu time spent up to now is       10.8 secs

     total energy              =     -22.22001346 Ry
     Harris-Foulkes estimate   =     -22.22087706 Ry
     estimated scf accuracy    <       0.01139613 Ry

     iteration #  2     ecut=    50.00 Ry     beta= 0.20
     Davidson diagonalization with overlap
     ethr =  1.14E-04,  avg # of iterations =  1.0

     total cpu time spent up to now is       14.0 secs

     total energy              =     -22.21855555 Ry
     Harris-Foulkes estimate   =     -22.22007107 Ry
     estimated scf accuracy    <       0.00701903 Ry

     iteration #  3     ecut=    50.00 Ry     beta= 0.20
     Davidson diagonalization with overlap
     ethr =  7.02E-05,  avg # of iterations =  1.0

     total cpu time spent up to now is       17.3 secs

     total energy              =     -22.21891824 Ry
     Harris-Foulkes estimate   =     -22.21893804 Ry
     estimated scf accuracy    <       0.00009817 Ry

     iteration #  4     ecut=    50.00 Ry     beta= 0.20
     Davidson diagonalization with overlap
     ethr =  9.82E-07,  avg # of iterations =  3.3

     total cpu time spent up to now is       21.5 secs

     total energy              =     -22.21894370 Ry
     Harris-Foulkes estimate   =     -22.21894151 Ry
     estimated scf accuracy    <       0.00003548 Ry

     iteration #  5     ecut=    50.00 Ry     beta= 0.20
     Davidson diagonalization with overlap
     ethr =  3.55E-07,  avg # of iterations =  1.0

     total cpu time spent up to now is       24.8 secs

     total energy              =     -22.21894275 Ry
     Harris-Foulkes estimate   =     -22.21894439 Ry
     estimated scf accuracy    <       0.00000391 Ry

     iteration #  6     ecut=    50.00 Ry     beta= 0.20
     Davidson diagonalization with overlap
     ethr =  3.91E-08,  avg # of iterations =  1.2

     total cpu time spent up to now is       28.2 secs

     total energy              =     -22.21894316 Ry
     Harris-Foulkes estimate   =     -22.21894311 Ry
     estimated scf accuracy    <       0.00000039 Ry

     iteration #  7     ecut=    50.00 Ry     beta= 0.20
     Davidson diagonalization with overlap
     ethr =  3.91E-09,  avg # of iterations =  2.0

     total cpu time spent up to now is       31.9 secs

     total energy              =     -22.21894320 Ry
     Harris-Foulkes estimate   =     -22.21894328 Ry
     estimated scf accuracy    <       0.00000025 Ry

     iteration #  8     ecut=    50.00 Ry     beta= 0.20
     Davidson diagonalization with overlap
     ethr =  2.48E-09,  avg # of iterations =  1.1

     total cpu time spent up to now is       35.2 secs

     total energy              =     -22.21894321 Ry
     Harris-Foulkes estimate   =     -22.21894322 Ry
     estimated scf accuracy    <       0.00000005 Ry

     iteration #  9     ecut=    50.00 Ry     beta= 0.20
     Davidson diagonalization with overlap
     ethr =  5.04E-10,  avg # of iterations =  1.0

     total cpu time spent up to now is       38.5 secs

     End of self-consistent calculation

          k = 0.0000 0.0000 0.0000 (  2837 PWs)   bands (ev):

    -7.5321  -1.9318   3.9226   4.1740   4.1740   7.8687   8.3261   8.3261
    11.1788

     occupation numbers 
     1.0000   1.0000   1.0000   1.0000   1.0000   0.0000   0.0000   0.0000
     0.0000

          k =-0.1740-0.1005 0.0667 (  2843 PWs)   bands (ev):

    -7.2751  -2.5096   3.9916   4.1509   4.2159   7.2282   7.5827   7.7629
    10.5935

     occupation numbers 
     1.0000   1.0000   1.0000   1.0000   1.0000   0.0000   0.0000   0.0000
     0.0000

          k =-0.3480-0.2009 0.1334 (  2845 PWs)   bands (ev):

    -6.5311  -3.8201   3.9927   4.1507   4.5811   5.9320   6.5627   6.8246
    11.4069

     occupation numbers 
     1.0000   1.0000   1.0000   1.0000   1.0000   0.0000   0.0000   0.0000
     0.0000

          k = 0.5220 0.3014-0.2000 (  2848 PWs)   bands (ev):

    -5.6252  -4.9811   4.0500   4.1806   5.1221   5.1525   5.9223   6.4040
    13.0597

     occupation numbers 
     1.0000   1.0000   1.0000   1.0000   1.0000   1.0000   0.0000   0.0000
     0.0000

          k =-0.1740 0.1005 0.1334 (  2845 PWs)   bands (ev):

    -7.2109  -2.5743   3.3790   3.6422   5.0952   6.1856   8.2079   8.7590
    10.2136

     occupation numbers 
     1.0000   1.0000   1.0000   1.0000   1.0000   0.0000   0.0000   0.0000
     0.0000

          k =-0.3480 0.0000 0.2000 (  2855 PWs)   bands (ev):

    -6.6623  -3.4326   3.0118   3.2643   4.1202   6.9842   8.0841   8.2719
    10.0091

     occupation numbers 
     1.0000   1.0000   1.0000   1.0000   1.0000   0.0000   0.0000   0.0000
     0.0000

          k = 0.5220 0.5023-0.1334 (  2852 PWs)   bands (ev):

    -5.7291  -4.6557   2.5680   3.3461   3.8908   6.9252   7.1765   8.2746
    11.4590

     occupation numbers 
     1.0000   1.0000   1.0000   1.0000   1.0000   0.0000   0.0000   0.0000
     0.0000

          k = 0.3480 0.4018-0.0667 (  2845 PWs)   bands (ev):

    -5.9804  -4.3840   2.4105   4.0263   4.3698   6.2593   6.2980   8.8944
    11.4203

     occupation numbers 
     1.0000   1.0000   1.0000   1.0000   1.0000   0.0000   0.0000   0.0000
     0.0000

          k = 0.1740 0.3014 0.0000 (  2850 PWs)   bands (ev):

    -6.8451  -3.2258   2.9745   4.6063   4.6555   6.0282   6.4451   8.8948
    10.3641

     occupation numbers 
     1.0000   1.0000   1.0000   1.0000   1.0000   0.0000   0.0000   0.0000
     0.0000

          k =-0.3480 0.2009 0.2667 (  2856 PWs)   bands (ev):

    -6.3748  -3.5026   1.9548   2.8375   2.9067   8.0281   9.1900   9.6690
    10.3330

     occupation numbers 
     1.0000   1.0000   1.0000   1.0000   1.0000   0.0000   0.0000   0.0000
     0.0000

          k = 0.5220 0.7032-0.0667 (  2849 PWs)   bands (ev):

    -5.7677  -4.1574   1.2128   2.6689   2.8216   8.4524   9.0197   9.9173
    10.7098

     occupation numbers 
     1.0000   1.0000   1.0000   1.0000   1.0000   0.0000   0.0000   0.0000
     0.0000

          k = 0.3480 0.6027 0.0000 (  2852 PWs)   bands (ev):

    -5.1107  -5.0419   1.2857   3.1916   3.2777   7.6383   7.8482  10.7286
    11.1528

     occupation numbers 
     1.0000   1.0000   1.0000   1.0000   1.0000   0.0000   0.0000   0.0000
     0.0000

          k = 0.5220-0.3014-0.4001 (  2842 PWs)   bands (ev):

    -5.7469  -3.9448   0.7514   2.4004   2.5088   7.8196  10.2280  10.7764
    11.9317

     occupation numbers 
     1.0000   1.0000   1.0000   1.0000   1.0000   0.0000   0.0000   0.0000
     0.0000

          k = 0.0000 0.0000 0.2000 (  2858 PWs)   bands (ev):

    -7.3258  -2.4968   4.1199   4.2568   4.2568   7.3320   7.6956   7.6956
    10.5630

     occupation numbers 
     1.0000   1.0000   1.0000   1.0000   1.0000   0.0000   0.0000   0.0000
     0.0000

          k =-0.1740-0.1005 0.2667 (  2844 PWs)   bands (ev):

    -6.9457  -3.1528   2.8770   4.6864   5.2247   5.9110   6.5688   8.9356
    10.7942

     occupation numbers 
     1.0000   1.0000   1.0000   1.0000   0.9901   0.0000   0.0000   0.0000
     0.0000

          k = 0.6960 0.4018-0.0667 (  2857 PWs)   bands (ev):

    -6.1275  -4.2433   2.2973   4.1532   4.5800   6.1245   6.7003   8.7218
    11.7686

     occupation numbers 
     1.0000   1.0000   1.0000   1.0000   1.0000   0.0000   0.0000   0.0000
     0.0000

          k = 0.5220 0.3014 0.0000 (  2848 PWs)   bands (ev):

    -5.7098  -4.6880   2.6123   3.5274   3.7432   6.8955   7.4634   7.8151
    10.9499

     occupation numbers 
     1.0000   1.0000   1.0000   1.0000   1.0000   0.0000   0.0000   0.0000
     0.0000

          k = 0.3480 0.2009 0.0667 (  2846 PWs)   bands (ev):

    -6.6192  -3.4806   3.2316   3.3471   3.7633   6.9632   7.7298   8.3915
     9.8960

     occupation numbers 
     1.0000   1.0000   1.0000   1.0000   1.0000   0.0000   0.0000   0.0000
     0.0000

          k =-0.1740 0.1005 0.3334 (  2858 PWs)   bands (ev):

    -6.7737  -3.3572   2.9541   3.4795   4.3277   6.9561   8.2099   8.4177
    10.1271

     occupation numbers 
     1.0000   1.0000   1.0000   1.0000   1.0000   0.0000   0.0000   0.0000
     0.0000

          k = 0.6960 0.6027 0.0000 (  2860 PWs)   bands (ev):

    -6.1831  -3.9635   1.9605   2.5692   4.4665   6.8186   8.8238   9.4420
    10.6350

     occupation numbers 
     1.0000   1.0000   1.0000   1.0000   1.0000   0.0000   0.0000   0.0000
     0.0000

          k = 0.5220 0.5023 0.0667 (  2848 PWs)   bands (ev):

    -5.4318  -4.7316   1.7820   1.8694   4.9196   6.0442   9.5824   9.6456
    11.3694

     occupation numbers 
     1.0000   1.0000   1.0000   1.0000   1.0000   0.0000   0.0000   0.0000
     0.0000

          k = 0.3480 0.4018 0.1334 (  2850 PWs)   bands (ev):

    -5.9826  -4.1559   1.9990   2.6002   4.0707   6.8055   8.5223   9.3133
    10.5777

     occupation numbers 
     1.0000   1.0000   1.0000   1.0000   1.0000   0.0000   0.0000   0.0000
     0.0000

          k = 0.6960-0.4018-0.3334 (  2848 PWs)   bands (ev):

    -5.9263  -4.0093   1.1674   2.8299   2.9060   8.2092   9.3247  10.0394
    10.8669

     occupation numbers 
     1.0000   1.0000   1.0000   1.0000   1.0000   0.0000   0.0000   0.0000
     0.0000

          k = 0.5220-0.5023-0.2667 (  2847 PWs)   bands (ev):

    -5.4996  -4.4274   1.0122   1.8442   3.9327   7.4081   9.3374  10.9651
    11.2556

     occupation numbers 
     1.0000   1.0000   1.0000   1.0000   1.0000   0.0000   0.0000   0.0000
     0.0000

          k = 0.3480-0.6027-0.2000 (  2842 PWs)   bands (ev):

    -5.0938  -5.0597   1.5185   2.1931   4.5615   6.1158   9.5666   9.9156
    11.4512

     occupation numbers 
     1.0000   1.0000   1.0000   1.0000   1.0000   0.0000   0.0000   0.0000
     0.0000

          k = 0.5220-0.3014-0.2000 (  2858 PWs)   bands (ev):

    -5.7540  -4.1886   1.2448   2.7719   2.7808   8.0632   9.2377   9.9623
    10.5014

     occupation numbers 
     1.0000   1.0000   1.0000   1.0000   1.0000   0.0000   0.0000   0.0000
     0.0000

          k = 0.0000 0.0000 0.4001 (  2861 PWs)   bands (ev):

    -6.7702  -3.6541   4.3859   4.5133   4.5133   6.4974   6.6282   6.6282
    11.2974

     occupation numbers 
     1.0000   1.0000   1.0000   1.0000   1.0000   0.0000   0.0000   0.0000
     0.0000

          k = 0.8700 0.5023 0.0667 (  2866 PWs)   bands (ev):

    -6.3551  -4.0581   2.4041   4.3806   4.7378   6.2463   6.5998   9.0648
    11.5839

     occupation numbers 
     1.0000   1.0000   1.0000   1.0000   1.0000   0.0000   0.0000   0.0000
     0.0000

          k = 0.6960 0.4018 0.1334 (  2842 PWs)   bands (ev):

    -5.7058  -4.4668   1.2513   3.3343   3.5104   7.6418   8.0198  10.6973
    10.9029

     occupation numbers 
     1.0000   1.0000   1.0000   1.0000   1.0000   0.0000   0.0000   0.0000
     0.0000

          k = 0.8700-0.5023-0.2667 (  2872 PWs)   bands (ev):

    -6.2025  -4.2367   2.5563   3.7500   4.1496   6.9630   7.4614   8.4886
    11.1226

     occupation numbers 
     1.0000   1.0000   1.0000   1.0000   1.0000   0.0000   0.0000   0.0000
     0.0000

          k = 0.6960-0.6027-0.2000 (  2860 PWs)   bands (ev):

    -5.8075  -4.3696   1.5748   2.1859   5.2469   5.9361   9.6530   9.9215
    11.4247

     occupation numbers 
     1.0000   1.0000   1.0000   1.0000   0.5099   0.0000   0.0000   0.0000
     0.0000

          k = 0.0000 0.0000-0.6001 (  2902 PWs)   bands (ev):

    -6.3134  -4.3722   4.4934   4.7534   4.7534   6.0606   6.0606   6.1258
    12.4972

     occupation numbers 
     1.0000   1.0000   1.0000   1.0000   1.0000   0.0000   0.0000   0.0000
     0.0000

     the Fermi energy is     5.2472 ev

!    total energy              =     -22.21894321 Ry
     Harris-Foulkes estimate   =     -22.21894321 Ry
     estimated scf accuracy    <          5.9E-10 Ry

     The total energy is the sum of the following terms:

     one-electron contribution =       4.91966815 Ry
     hartree contribution      =       1.00958658 Ry
     xc contribution           =      -5.40439560 Ry
     ewald contribution        =     -22.74378564 Ry
     smearing contrib. (-TS)   =      -0.00001671 Ry

     convergence has been achieved in   9 iterations

     Writing output data file bi.save

     init_run     :      1.82s CPU      1.89s WALL (       1 calls)
     electrons    :     36.28s CPU     36.46s WALL (       1 calls)

     Called by init_run:
     wfcinit      :      1.27s CPU      1.30s WALL (       1 calls)
     wfcinit:atom :      0.02s CPU      0.01s WALL (      32 calls)
     wfcinit:wfcr :      1.22s CPU      1.24s WALL (      32 calls)
     potinit      :      0.26s CPU      0.27s WALL (       1 calls)

     Called by electrons:
     c_bands      :     29.35s CPU     29.51s WALL (      10 calls)
     sum_band     :      6.19s CPU      6.19s WALL (      10 calls)
     v_of_rho     :      0.77s CPU      0.77s WALL (      10 calls)
     v_h          :      0.04s CPU      0.03s WALL (      10 calls)
     v_xc         :      0.73s CPU      0.74s WALL (      10 calls)
     mix_rho      :      0.04s CPU      0.05s WALL (      10 calls)

     Called by c_bands:
     init_us_2    :      0.71s CPU      0.68s WALL (     672 calls)
     cegterg      :     28.79s CPU     28.92s WALL (     320 calls)

     Called by sum_band:

     Called by *egterg:
     h_psi        :     27.80s CPU     27.89s WALL (    1022 calls)
     g_psi        :      0.10s CPU      0.07s WALL (     670 calls)
     cdiaghg      :      0.14s CPU      0.16s WALL (     958 calls)
     cegterg:over :      0.71s CPU      0.76s WALL (     670 calls)
     cegterg:upda :      0.49s CPU      0.47s WALL (     670 calls)
     cegterg:last :      0.29s CPU      0.30s WALL (     320 calls)

     Called by h_psi:
     h_psi:pot    :     27.72s CPU     27.83s WALL (    1022 calls)
     h_psi:calbec :      0.63s CPU      0.62s WALL (    1022 calls)
     vloc_psi     :     26.56s CPU     26.67s WALL (    1022 calls)
     add_vuspsi   :      0.54s CPU      0.54s WALL (    1022 calls)

     General routines
     calbec       :      0.63s CPU      0.61s WALL (    1022 calls)
     fft          :      0.28s CPU      0.31s WALL (     111 calls)
     fftw         :     30.07s CPU     30.12s WALL (   16768 calls)

     Parallel routines
     fft_scatt_xy :      2.50s CPU      2.66s WALL (   16879 calls)
     fft_scatt_yz :      1.18s CPU      1.29s WALL (   16879 calls)

     PWSCF        :    38.18s CPU        38.49s WALL


   This run was terminated on:  15:20: 5  12Dec2017            

=------------------------------------------------------------------------------=
   JOB DONE.
=------------------------------------------------------------------------------=
